Exploration Time: 0.00100 seconds
Path Generation Time: 0.00400 seconds
