Exploration Time: 0.00000 seconds
Path Generation Time: 0.01300 seconds
