Exploration Time: 0.00900 seconds
Path Generation Time: 0.03200 seconds
