Exploration Time: 0.00300 seconds
Path Generation Time: 0.00200 seconds
